sample_name,assembler,ctg_size
zymo_pos_ctrl,0_metaspades,0
zymo_pos_ctrl,0_metaspades,241
zymo_pos_ctrl,0_metaspades,226
zymo_pos_ctrl,0_metaspades,224
zymo_pos_ctrl,0_metaspades,219
zymo_pos_ctrl,0_metaspades,159
zymo_pos_ctrl,0_metaspades,86
zymo_pos_ctrl,0_metaspades,58
