sample_name,metaspades,megahit
zymo_pos_ctrl,/home/lam4003/bin/camp_short-read-assembly/test_out/short-read-assembly/final_reports/metaspades.scaffolds.fasta,/home/lam4003/bin/camp_short-read-assembly/test_out/short-read-assembly/final_reports/megahit.contigs.fasta
